// Jest Snapshot v1, https://goo.gl/fbAQLP

exports[`FaqTitleComponent should match to snapshot 1`] = `
FaqTitleComponent {
  "__ngContext__": 0,
}
`;
